<html>
<body>
<pre>
<h1>µVision Build Log</h1>
<h2>Tool Versions:</h2>
IDE-Version: ¦ÌVision V5.38.0.0
Copyright (C) 2022 ARM Ltd and ARM Germany GmbH. All rights reserved.
License Information: 123 Administrator, 123, LIC=D0D7S-LU8DC-Z9EG9-4YVI2-Q76GA-FQRDI
 
Tool Versions:
Toolchain:       MDK-ARM Plus  Version: 5.38.0.0
Toolchain Path:  D:\keil5\ARM\ARMCLANG\Bin
C Compiler:      ArmClang.exe V6.19
Assembler:       Armasm.exe V6.19
Linker/Locator:  ArmLink.exe V6.19
Library Manager: ArmAr.exe V6.19
Hex Converter:   FromElf.exe V6.19
CPU DLL:         SARMCM3.DLL V5.38.0.0
Dialog DLL:      DCM.DLL V1.17.5.0
Target DLL:      Segger\JL2CM3.dll V2.99.42.0
Dialog DLL:      TCM.DLL V1.56.4.0
 
<h2>Project:</h2>
C:\Users\Administrator\Desktop\Competition\Smart-Car\Sourse project\RT1064\Project\MDK\RT1064_CAR.uvprojx
Project File Date:  09/25/2023

<h2>Output:</h2>
*** Using Compiler 'V6.19', folder: 'D:\keil5\ARM\ARMCLANG\Bin'
Build target 'RT1064_CAR'
compiling motor.c...
compiling main.c...
compiling servo.c...
compiling isr.c...
compiling camera.c...
compiling buzzer.c...
compiling encoder.c...
compiling image.c...
compiling zf_common_clock.c...
compiling zf_common_interrupt.c...
compiling zf_common_vector.c...
compiling zf_common_function.c...
compiling zf_common_fifo.c...
compiling zf_common_font.c...
compiling zf_common_debug.c...
compiling scheduler.c...
compiling zf_device_absolute_encoder.c...
compiling zf_device_bluetooth_ch9141.c...
compiling zf_device_detector.c...
compiling zf_device_dl1b.c...
compiling zf_device_camera.c...
compiling zf_device_dl1a.c...
compiling zf_device_icm20602.c...
compiling zf_device_gps_tau1201.c...
compiling zf_device_imu660ra.c...
compiling zf_device_imu963ra.c...
compiling zf_device_mpu6050.c...
compiling zf_device_mt9v03x.c...
compiling zf_device_ips200.c...
compiling zf_device_ips114.c...
compiling zf_device_key.c...
compiling zf_device_mt9v03x_flexio.c...
compiling zf_device_oled.c...
compiling zf_device_ov7725.c...
compiling zf_device_tft180.c...
compiling zf_device_scc8660.c...
compiling zf_device_scc8660_flexio.c...
compiling zf_device_tsl1401.c...
compiling zf_device_type.c...
compiling zf_device_virtual_oscilloscope.c...
compiling zf_driver_adc.c...
compiling zf_device_wifi_spi.c...
compiling zf_device_wireless_uart.c...
compiling zf_driver_csi.c...
compiling zf_driver_delay.c...
compiling zf_driver_encoder.c...
compiling zf_device_wifi_uart.c...
compiling zf_driver_exti.c...
compiling zf_driver_flash.c...
compiling zf_driver_flexio_csi.c...
compiling zf_driver_iic.c...
compiling zf_driver_pit.c...
compiling zf_driver_gpio.c...
compiling zf_driver_pwm.c...
compiling zf_driver_romapi.c...
compiling zf_driver_sdio.c...
compiling zf_driver_soft_iic.c...
compiling zf_driver_soft_spi.c...
compiling zf_driver_spi.c...
compiling zf_driver_timer.c...
compiling zf_driver_uart.c...
compiling zf_driver_usb_cdc.c...
compiling fsl_adc.c...
compiling fsl_adc_etc.c...
compiling fsl_aipstz.c...
compiling fsl_cache.c...
compiling fsl_aoi.c...
compiling fsl_bee.c...
compiling fsl_clock.c...
compiling fsl_cmp.c...
compiling fsl_common.c...
compiling fsl_common_arm.c...
compiling fsl_csi.c...
compiling fsl_dmamux.c...
compiling fsl_dcdc.c...
compiling fsl_elcdif.c...
compiling fsl_dcp.c...
compiling fsl_enc.c...
compiling fsl_edma.c...
compiling fsl_ewm.c...
compiling fsl_enet.c...
compiling fsl_flexcan_edma.c...
compiling fsl_flexio_camera.c...
compiling fsl_flexio.c...
compiling fsl_flexcan.c...
compiling fsl_flexio_camera_edma.c...
compiling fsl_flexio_i2c_master.c...
compiling fsl_flexio_mculcd_edma.c...
compiling fsl_flexio_i2s_edma.c...
compiling fsl_flexio_mculcd.c...
compiling fsl_flexio_spi_edma.c...
compiling fsl_flexio_i2s.c...
compiling fsl_flexio_uart.c...
compiling fsl_flexio_uart_edma.c...
compiling fsl_flexio_spi.c...
compiling fsl_flexram.c...
compiling fsl_flexram_allocate.c...
compiling fsl_gpc.c...
compiling fsl_gpio.c...
compiling fsl_flexspi.c...
compiling fsl_flexspi_edma.c...
compiling fsl_gpt.c...
compiling fsl_kpp.c...
compiling fsl_lpi2c_edma.c...
compiling fsl_lpi2c.c...
compiling fsl_lpuart_edma.c...
compiling fsl_ocotp.c...
compiling fsl_lpspi.c...
compiling fsl_lpspi_edma.c...
compiling fsl_lpuart.c...
compiling fsl_pit.c...
compiling fsl_pmu.c...
compiling fsl_rtwdog.c...
compiling fsl_romapi.c...
compiling fsl_pwm.c...
compiling fsl_pxp.c...
compiling fsl_qtmr.c...
compiling fsl_sai.c...
compiling fsl_sai_edma.c...
compiling fsl_snvs_hp.c...
compiling fsl_semc.c...
compiling fsl_snvs_lp.c...
compiling fsl_spdif.c...
compiling fsl_spdif_edma.c...
compiling fsl_src.c...
compiling fsl_tempmon.c...
compiling fsl_wdog.c...
compiling fsl_trng.c...
compiling fsl_tsc.c...
compiling fsl_xbara.c...
compiling fsl_xbarb.c...
compiling fsl_usdhc.c...
compiling evkmimxrt1064_sdram_ini_dcd.c...
compiling clock_config.c...
compiling system_MIMXRT1064.c...
compiling evkmimxrt1064_flexspi_nor_config.c...
compiling board.c...
compiling fsl_flexspi_nor_boot.c...
compiling fsl_assert.c...
compiling fsl_os_abstraction_bm.c...
compiling fsl_component_generic_list.c...
compiling fsl_adapter_lpuart.c...
compiling fsl_debug_console.c...
compiling ffsystem.c...
compiling ffunicode.c...
compiling ff.c...
compiling diskio.c...
assembling startup_MIMXRT1064.S...
compiling fsl_sd_disk.c...
compiling sdmmc_config.c...
compiling fsl_sdmmc_host.c...
compiling fsl_sdmmc_common.c...
compiling fsl_sdmmc_osa.c...
compiling usb_phy.c...
compiling usb_device_dci.c...
compiling usb_device_cdc_acm.c...
compiling fsl_sd.c...
compiling usb_device_ehci.c...
compiling usb_device_class.c...
compiling usb_device_ch9.c...
compiling usb_device_descriptor.c...
linking...
Program Size: Code=73888 RO-data=7732 RW-data=292 ZI-data=30476  
FromELF: creating hex file...
".\Objects\RT1064_CAR.axf" - 0 Error(s), 0 Warning(s).

<h2>Software Packages used:</h2>

Package Vendor: NXP
                https://mcuxpresso.nxp.com/cmsis_pack/repo/NXP.MIMXRT1064_DFP.17.0.0.pack
                NXP.MIMXRT1064_DFP.17.0.0
                Device Family Pack for MIMXRT1064

<h2>Collection of Component include folders:</h2>
  D:/keil5/ARM/PACK/NXP/MIMXRT1064_DFP/17.0.0/devices/MIMXRT1064

<h2>Collection of Component Files used:</h2>
Build Time Elapsed:  00:00:30
</pre>
</body>
</html>
