<html>
<body>
<pre>
<h1>µVision Build Log</h1>
<h2>Tool Versions:</h2>
IDE-Version: ¦ÌVision V5.38.0.0
Copyright (C) 2022 ARM Ltd and ARM Germany GmbH. All rights reserved.
License Information: zj z,  , LIC=50D7S-LX2KV-INHA7-ED985-E5BIJ-F8T6P
 
Tool Versions:
Toolchain:       MDK-ARM Professional  Version: 5.38.0.0
Toolchain Path:  C:\Program Files\Keil_v5\ARM\ARMCLANG\Bin
C Compiler:      ArmClang.exe V6.19
Assembler:       Armasm.exe V6.19
Linker/Locator:  ArmLink.exe V6.19
Library Manager: ArmAr.exe V6.19
Hex Converter:   FromElf.exe V6.19
CPU DLL:         SARMCM3.DLL V5.38.0.0
Dialog DLL:      DCM.DLL V1.17.5.0
Target DLL:      Segger\JL2CM3.dll V2.99.42.0
Dialog DLL:      TCM.DLL V1.56.4.0
 
<h2>Project:</h2>
C:\Users\JIERUI\Desktop\2023 Smart Car\Smart-Car\Sourse project\RT1064\Project\MDK\RT1064_CAR.uvprojx
Project File Date:  09/17/2023

<h2>Output:</h2>
*** Using Compiler 'V6.19', folder: 'C:\Program Files\Keil_v5\ARM\ARMCLANG\Bin'
Build target 'RT1064_CAR'
warning: unknown warning option '-Wno-reserved-identifier'; did you mean '-Wno-reserved-id-macro'? [-Wunknown-warning-option]
1 warning generated.
compiling isr.c...
linking...
Program Size: Code=39504 RO-data=4780 RW-data=180 ZI-data=11104  
FromELF: creating hex file...
".\Objects\RT1064_CAR.axf" - 0 Error(s), 1 Warning(s).

<h2>Software Packages used:</h2>

Package Vendor: NXP
                https://mcuxpresso.nxp.com/cmsis_pack/repo/NXP.MIMXRT1064_DFP.16.0.0.pack
                NXP.MIMXRT1064_DFP.16.0.0
                Device Family Pack for MIMXRT1064

<h2>Collection of Component include folders:</h2>
  C:/Users/JIERUI/AppData/Local/Arm/Packs/NXP/MIMXRT1064_DFP/16.0.0

<h2>Collection of Component Files used:</h2>
Build Time Elapsed:  00:00:01
</pre>
</body>
</html>
