<html>
<body>
<pre>
<h1>�Vision Build Log</h1>
<h2>Tool Versions:</h2>
IDE-Version: ��Vision V5.38.0.0
Copyright (C) 2022 ARM Ltd and ARM Germany GmbH. All rights reserved.
License Information: zj z,  , LIC=50D7S-LX2KV-INHA7-ED985-E5BIJ-F8T6P
 
Tool Versions:
Toolchain:       MDK-ARM Professional  Version: 5.38.0.0
Toolchain Path:  C:\Program Files\Keil_v5\ARM\ARMCLANG\Bin
C Compiler:      ArmClang.exe V6.19
Assembler:       Armasm.exe V6.19
Linker/Locator:  ArmLink.exe V6.19
Library Manager: ArmAr.exe V6.19
Hex Converter:   FromElf.exe V6.19
CPU DLL:         SARMCM3.DLL V5.38.0.0
Dialog DLL:      DCM.DLL V1.17.5.0
Target DLL:      CMSIS_AGDI.dll V1.33.15.0
Dialog DLL:      TCM.DLL V1.56.4.0
 
<h2>Project:</h2>
C:\Users\JIERUI\Desktop\2023 Smart Car\Smart-Car\Code Source project\RT1064\Project\MDK\RT1064_CAR.uvprojx
Project File Date:  10/21/2023

<h2>Output:</h2>
*** Using Compiler 'V6.19', folder: 'C:\Program Files\Keil_v5\ARM\ARMCLANG\Bin'
Rebuild target 'RT1064_CAR'
warning: unknown warning option '-Wno-reserved-identifier'; did you mean '-Wno-reserved-id-macro'? [-Wunknown-warning-option]
../HARDWARE/pid.c(24): warning: implicitly declaring library function 'fabs' with type 'double (double)' [-Wimplicit-function-declaration]
    if (fabs(Value) > MaxValue)
        ^
../HARDWARE/pid.c(24): note: include the header <math.h> or explicitly provide a declaration for 'fabs'
2 warnings generated.
compiling pid.c...
warning: unknown warning option '-Wno-reserved-identifier'; did you mean '-Wno-reserved-id-macro'? [-Wunknown-warning-option]
1 warning generated.
compiling isr.c...
warning: unknown warning option '-Wno-reserved-identifier'; did you mean '-Wno-reserved-id-macro'? [-Wunknown-warning-option]
1 warning generated.
compiling camera.c...
warning: unknown warning option '-Wno-reserved-identifier'; did you mean '-Wno-reserved-id-macro'? [-Wunknown-warning-option]
1 warning generated.
compiling motor.c...
warning: unknown warning option '-Wno-reserved-identifier'; did you mean '-Wno-reserved-id-macro'? [-Wunknown-warning-option]
1 warning generated.
compiling main.c...
warning: unknown warning option '-Wno-reserved-identifier'; did you mean '-Wno-reserved-id-macro'? [-Wunknown-warning-option]
1 warning generated.
compiling servo.c...
warning: unknown warning option '-Wno-reserved-identifier'; did you mean '-Wno-reserved-id-macro'? [-Wunknown-warning-option]
1 warning generated.
compiling display.c...
warning: unknown warning option '-Wno-reserved-identifier'; did you mean '-Wno-reserved-id-macro'? [-Wunknown-warning-option]
1 warning generated.
compiling buzzer.c...
warning: unknown warning option '-Wno-reserved-identifier'; did you mean '-Wno-reserved-id-macro'? [-Wunknown-warning-option]
1 warning generated.
compiling encoder.c...
warning: unknown warning option '-Wno-reserved-identifier'; did you mean '-Wno-reserved-id-macro'? [-Wunknown-warning-option]
1 warning generated.
compiling mymath.c...
warning: unknown warning option '-Wno-reserved-identifier'; did you mean '-Wno-reserved-id-macro'? [-Wunknown-warning-option]
1 warning generated.
compiling schedule.c...
warning: unknown warning option '-Wno-reserved-identifier'; did you mean '-Wno-reserved-id-macro'? [-Wunknown-warning-option]
../HARDWARE/control.c(17): warning: implicit declaration of function 'PID_Init' is invalid in C99 [-Wimplicit-function-declaration]
    PID_Init();
    ^
2 warnings generated.
compiling control.c...
warning: unknown warning option '-Wno-reserved-identifier'; did you mean '-Wno-reserved-id-macro'? [-Wunknown-warning-option]
../HARDWARE/image.c(5): warning: In file included from...
../HARDWARE/cross.h(5): warning: 'PI' macro redefined [-Wmacro-redefined]
#define PI               3.14159265358979f
        ^
../../libraries/zf_device\zf_device_gps_tau1201.h(60): note: previous definition is here
#define PI                  ( 3.1415926535898 )
        ^
../HARDWARE/image.c(116): warning: implicit declaration of function 'Cross_Check' is invalid in C99 [-Wimplicit-function-declaration]
        Cross_Check();
        ^
../HARDWARE/image.c(159): warning: array index 2 is past the end of the array (which contains 2 elements) [-Warray-bounds]
        if ((pts_in[i][0] - pts_in[i - 2][0] > 0 && pts_in[i][0] - pts_in[i - 4][0] > 0 && pts_in[i][0] - pts_in[i - 6][0] > 0 && pts_in[i][0] - pts_in[i - 8][0] > 0 && pts_in[i][0] - pts_in[i - 10][0] > 0 && pts_in[i][1] - pts_in[i + 2][1] > 0 && pts_in[i][1] - pts_in[i + 4][1] > 0 && pts_in[i][1] - pts_in[i + 6][1] > 0 && pts_in[i][1] - pts_in[i + 8][1] > 0 && pts_in[i][1] - pts_in[i + 10][1] > 0) || (pts_in[i][0] - pts_in[i - 2][0] > 0 && pts_in[i][0] - pts_in[i - 4][0] > 0 && pts_in[i][0] - pts_in[i - 6][0] > 0 && pts_in[i][0] - pts_in[i - 8][0] > 0 && pts_in[i][0] - pts_in[i - 10][0] > 0 && pts_in[i][1] - pts_in[i + 2][2] > 0 && pts_in[i][1] - pts_in[i + 4][1] > 0 && pts_in[i][1] - pts_in[i + 6][1] > 0 && pts_in[i][1] - pts_in[i + 8][1] > 0 && pts_in[i][1] - pts_in[i + 10][1] > 0)) // 感觉可以加条件进行二次强判断
                                                                                                                                                                                                                                                                                                                                                                                                                                                                                                                                                                                                                                          ^             ~
../HARDWARE/image.c(154): note: array 'pts_in' declared here
void FarCorners_Find_Left(int pts_in[][2], int pts_num, int pts_out[2], int *flag)
                          ^
4 warnings generated.
compiling image.c...
warning: unknown warning option '-Wno-reserved-identifier'; did you mean '-Wno-reserved-id-macro'? [-Wunknown-warning-option]
1 warning generated.
compiling filter.c...
warning: unknown warning option '-Wno-reserved-identifier'; did you mean '-Wno-reserved-id-macro'? [-Wunknown-warning-option]
1 warning generated.
compiling circle.c...
warning: unknown warning option '-Wno-reserved-identifier'; did you mean '-Wno-reserved-id-macro'? [-Wunknown-warning-option]
1 warning generated.
compiling key.c...
warning: unknown warning option '-Wno-reserved-identifier'; did you mean '-Wno-reserved-id-macro'? [-Wunknown-warning-option]
1 warning generated.
compiling zf_common_clock.c...
warning: unknown warning option '-Wno-reserved-identifier'; did you mean '-Wno-reserved-id-macro'? [-Wunknown-warning-option]
1 warning generated.
compiling garage.c...
warning: unknown warning option '-Wno-reserved-identifier'; did you mean '-Wno-reserved-id-macro'? [-Wunknown-warning-option]
../HARDWARE/cross.c(1): warning: In file included from...
../HARDWARE/cross.h(5): warning: 'PI' macro redefined [-Wmacro-redefined]
#define PI               3.14159265358979f
        ^
../../libraries/zf_device\zf_device_gps_tau1201.h(60): note: previous definition is here
#define PI                  ( 3.1415926535898 )
        ^
../HARDWARE/cross.c(14): warning: '/*' within block comment [-Wcomment]
/**
^
3 warnings generated.
compiling cross.c...
warning: unknown warning option '-Wno-reserved-identifier'; did you mean '-Wno-reserved-id-macro'? [-Wunknown-warning-option]
1 warning generated.
compiling zf_common_debug.c...
warning: unknown warning option '-Wno-reserved-identifier'; did you mean '-Wno-reserved-id-macro'? [-Wunknown-warning-option]
1 warning generated.
compiling zf_common_fifo.c...
warning: unknown warning option '-Wno-reserved-identifier'; did you mean '-Wno-reserved-id-macro'? [-Wunknown-warning-option]
1 warning generated.
compiling zf_common_vector.c...
warning: unknown warning option '-Wno-reserved-identifier'; did you mean '-Wno-reserved-id-macro'? [-Wunknown-warning-option]
1 warning generated.
compiling zf_common_interrupt.c...
warning: unknown warning option '-Wno-reserved-identifier'; did you mean '-Wno-reserved-id-macro'? [-Wunknown-warning-option]
1 warning generated.
compiling zf_common_function.c...
warning: unknown warning option '-Wno-reserved-identifier'; did you mean '-Wno-reserved-id-macro'? [-Wunknown-warning-option]
1 warning generated.
compiling zf_common_font.c...
warning: unknown warning option '-Wno-reserved-identifier'; did you mean '-Wno-reserved-id-macro'? [-Wunknown-warning-option]
1 warning generated.
compiling zf_device_bluetooth_ch9141.c...
warning: unknown warning option '-Wno-reserved-identifier'; did you mean '-Wno-reserved-id-macro'? [-Wunknown-warning-option]
1 warning generated.
compiling zf_device_absolute_encoder.c...
warning: unknown warning option '-Wno-reserved-identifier'; did you mean '-Wno-reserved-id-macro'? [-Wunknown-warning-option]
1 warning generated.
compiling zf_device_camera.c...
warning: unknown warning option '-Wno-reserved-identifier'; did you mean '-Wno-reserved-id-macro'? [-Wunknown-warning-option]
1 warning generated.
compiling zf_device_detector.c...
warning: unknown warning option '-Wno-reserved-identifier'; did you mean '-Wno-reserved-id-macro'? [-Wunknown-warning-option]
1 warning generated.
compiling zf_device_dl1b.c...
warning: unknown warning option '-Wno-reserved-identifier'; did you mean '-Wno-reserved-id-macro'? [-Wunknown-warning-option]
1 warning generated.
compiling zf_device_dl1a.c...
warning: unknown warning option '-Wno-reserved-identifier'; did you mean '-Wno-reserved-id-macro'? [-Wunknown-warning-option]
1 warning generated.
compiling zf_device_icm20602.c...
warning: unknown warning option '-Wno-reserved-identifier'; did you mean '-Wno-reserved-id-macro'? [-Wunknown-warning-option]
1 warning generated.
compiling zf_device_imu660ra.c...
warning: unknown warning option '-Wno-reserved-identifier'; did you mean '-Wno-reserved-id-macro'? [-Wunknown-warning-option]
1 warning generated.
compiling zf_device_gps_tau1201.c...
warning: unknown warning option '-Wno-reserved-identifier'; did you mean '-Wno-reserved-id-macro'? [-Wunknown-warning-option]
1 warning generated.
compiling zf_device_imu963ra.c...
warning: unknown warning option '-Wno-reserved-identifier'; did you mean '-Wno-reserved-id-macro'? [-Wunknown-warning-option]
1 warning generated.
compiling zf_device_key.c...
warning: unknown warning option '-Wno-reserved-identifier'; did you mean '-Wno-reserved-id-macro'? [-Wunknown-warning-option]
1 warning generated.
compiling zf_device_ips200.c...
warning: unknown warning option '-Wno-reserved-identifier'; did you mean '-Wno-reserved-id-macro'? [-Wunknown-warning-option]
1 warning generated.
compiling zf_device_ips114.c...
warning: unknown warning option '-Wno-reserved-identifier'; did you mean '-Wno-reserved-id-macro'? [-Wunknown-warning-option]
1 warning generated.
compiling zf_device_mpu6050.c...
warning: unknown warning option '-Wno-reserved-identifier'; did you mean '-Wno-reserved-id-macro'? [-Wunknown-warning-option]
1 warning generated.
compiling zf_device_mt9v03x.c...
warning: unknown warning option '-Wno-reserved-identifier'; did you mean '-Wno-reserved-id-macro'? [-Wunknown-warning-option]
1 warning generated.
compiling zf_device_ov7725.c...
warning: unknown warning option '-Wno-reserved-identifier'; did you mean '-Wno-reserved-id-macro'? [-Wunknown-warning-option]
1 warning generated.
compiling zf_device_mt9v03x_flexio.c...
warning: unknown warning option '-Wno-reserved-identifier'; did you mean '-Wno-reserved-id-macro'? [-Wunknown-warning-option]
1 warning generated.
compiling zf_device_oled.c...
warning: unknown warning option '-Wno-reserved-identifier'; did you mean '-Wno-reserved-id-macro'? [-Wunknown-warning-option]
1 warning generated.
compiling zf_device_scc8660.c...
warning: unknown warning option '-Wno-reserved-identifier'; did you mean '-Wno-reserved-id-macro'? [-Wunknown-warning-option]
1 warning generated.
compiling zf_device_scc8660_flexio.c...
warning: unknown warning option '-Wno-reserved-identifier'; did you mean '-Wno-reserved-id-macro'? [-Wunknown-warning-option]
1 warning generated.
compiling zf_device_tsl1401.c...
warning: unknown warning option '-Wno-reserved-identifier'; did you mean '-Wno-reserved-id-macro'? [-Wunknown-warning-option]
1 warning generated.
compiling zf_device_type.c...
warning: unknown warning option '-Wno-reserved-identifier'; did you mean '-Wno-reserved-id-macro'? [-Wunknown-warning-option]
1 warning generated.
compiling zf_device_virtual_oscilloscope.c...
warning: unknown warning option '-Wno-reserved-identifier'; did you mean '-Wno-reserved-id-macro'? [-Wunknown-warning-option]
1 warning generated.
compiling zf_device_tft180.c...
warning: unknown warning option '-Wno-reserved-identifier'; did you mean '-Wno-reserved-id-macro'? [-Wunknown-warning-option]
1 warning generated.
compiling zf_device_wifi_uart.c...
warning: unknown warning option '-Wno-reserved-identifier'; did you mean '-Wno-reserved-id-macro'? [-Wunknown-warning-option]
1 warning generated.
compiling zf_device_wireless_uart.c...
warning: unknown warning option '-Wno-reserved-identifier'; did you mean '-Wno-reserved-id-macro'? [-Wunknown-warning-option]
1 warning generated.
compiling zf_device_wifi_spi.c...
warning: unknown warning option '-Wno-reserved-identifier'; did you mean '-Wno-reserved-id-macro'? [-Wunknown-warning-option]
1 warning generated.
compiling zf_driver_delay.c...
warning: unknown warning option '-Wno-reserved-identifier'; did you mean '-Wno-reserved-id-macro'? [-Wunknown-warning-option]
1 warning generated.
compiling zf_driver_csi.c...
warning: unknown warning option '-Wno-reserved-identifier'; did you mean '-Wno-reserved-id-macro'? [-Wunknown-warning-option]
1 warning generated.
compiling zf_driver_exti.c...
warning: unknown warning option '-Wno-reserved-identifier'; did you mean '-Wno-reserved-id-macro'? [-Wunknown-warning-option]
1 warning generated.
compiling zf_driver_flash.c...
warning: unknown warning option '-Wno-reserved-identifier'; did you mean '-Wno-reserved-id-macro'? [-Wunknown-warning-option]
1 warning generated.
compiling zf_driver_encoder.c...
warning: unknown warning option '-Wno-reserved-identifier'; did you mean '-Wno-reserved-id-macro'? [-Wunknown-warning-option]
1 warning generated.
compiling zf_driver_flexio_csi.c...
warning: unknown warning option '-Wno-reserved-identifier'; did you mean '-Wno-reserved-id-macro'? [-Wunknown-warning-option]
1 warning generated.
compiling zf_driver_pit.c...
warning: unknown warning option '-Wno-reserved-identifier'; did you mean '-Wno-reserved-id-macro'? [-Wunknown-warning-option]
1 warning generated.
compiling zf_driver_adc.c...
warning: unknown warning option '-Wno-reserved-identifier'; did you mean '-Wno-reserved-id-macro'? [-Wunknown-warning-option]
1 warning generated.
compiling zf_driver_gpio.c...
warning: unknown warning option '-Wno-reserved-identifier'; did you mean '-Wno-reserved-id-macro'? [-Wunknown-warning-option]
1 warning generated.
compiling zf_driver_iic.c...
warning: unknown warning option '-Wno-reserved-identifier'; did you mean '-Wno-reserved-id-macro'? [-Wunknown-warning-option]
1 warning generated.
compiling zf_driver_pwm.c...
warning: unknown warning option '-Wno-reserved-identifier'; did you mean '-Wno-reserved-id-macro'? [-Wunknown-warning-option]
1 warning generated.
compiling zf_driver_sdio.c...
warning: unknown warning option '-Wno-reserved-identifier'; did you mean '-Wno-reserved-id-macro'? [-Wunknown-warning-option]
1 warning generated.
compiling zf_driver_romapi.c...
warning: unknown warning option '-Wno-reserved-identifier'; did you mean '-Wno-reserved-id-macro'? [-Wunknown-warning-option]
1 warning generated.
compiling zf_driver_soft_iic.c...
warning: unknown warning option '-Wno-reserved-identifier'; did you mean '-Wno-reserved-id-macro'? [-Wunknown-warning-option]
1 warning generated.
compiling zf_driver_soft_spi.c...
warning: unknown warning option '-Wno-reserved-identifier'; did you mean '-Wno-reserved-id-macro'? [-Wunknown-warning-option]
1 warning generated.
compiling zf_driver_spi.c...
warning: unknown warning option '-Wno-reserved-identifier'; did you mean '-Wno-reserved-id-macro'? [-Wunknown-warning-option]
1 warning generated.
compiling zf_driver_timer.c...
warning: unknown warning option '-Wno-reserved-identifier'; did you mean '-Wno-reserved-id-macro'? [-Wunknown-warning-option]
1 warning generated.
compiling zf_driver_uart.c...
warning: unknown warning option '-Wno-reserved-identifier'; did you mean '-Wno-reserved-id-macro'? [-Wunknown-warning-option]
1 warning generated.
compiling fsl_adc.c...
warning: unknown warning option '-Wno-reserved-identifier'; did you mean '-Wno-reserved-id-macro'? [-Wunknown-warning-option]
1 warning generated.
compiling zf_driver_usb_cdc.c...
warning: unknown warning option '-Wno-reserved-identifier'; did you mean '-Wno-reserved-id-macro'? [-Wunknown-warning-option]
1 warning generated.
compiling fsl_aoi.c...
warning: unknown warning option '-Wno-reserved-identifier'; did you mean '-Wno-reserved-id-macro'? [-Wunknown-warning-option]
1 warning generated.
compiling fsl_adc_etc.c...
warning: unknown warning option '-Wno-reserved-identifier'; did you mean '-Wno-reserved-id-macro'? [-Wunknown-warning-option]
1 warning generated.
compiling fsl_aipstz.c...
warning: unknown warning option '-Wno-reserved-identifier'; did you mean '-Wno-reserved-id-macro'? [-Wunknown-warning-option]
1 warning generated.
compiling fsl_bee.c...
warning: unknown warning option '-Wno-reserved-identifier'; did you mean '-Wno-reserved-id-macro'? [-Wunknown-warning-option]
1 warning generated.
compiling fsl_cache.c...
warning: unknown warning option '-Wno-reserved-identifier'; did you mean '-Wno-reserved-id-macro'? [-Wunknown-warning-option]
1 warning generated.
compiling fsl_common.c...
warning: unknown warning option '-Wno-reserved-identifier'; did you mean '-Wno-reserved-id-macro'? [-Wunknown-warning-option]
1 warning generated.
compiling fsl_common_arm.c...
warning: unknown warning option '-Wno-reserved-identifier'; did you mean '-Wno-reserved-id-macro'? [-Wunknown-warning-option]
1 warning generated.
compiling fsl_cmp.c...
warning: unknown warning option '-Wno-reserved-identifier'; did you mean '-Wno-reserved-id-macro'? [-Wunknown-warning-option]
1 warning generated.
compiling fsl_clock.c...
warning: unknown warning option '-Wno-reserved-identifier'; did you mean '-Wno-reserved-id-macro'? [-Wunknown-warning-option]
1 warning generated.
compiling fsl_dcdc.c...
warning: unknown warning option '-Wno-reserved-identifier'; did you mean '-Wno-reserved-id-macro'? [-Wunknown-warning-option]
1 warning generated.
compiling fsl_csi.c...
warning: unknown warning option '-Wno-reserved-identifier'; did you mean '-Wno-reserved-id-macro'? [-Wunknown-warning-option]
1 warning generated.
compiling fsl_dcp.c...
warning: unknown warning option '-Wno-reserved-identifier'; did you mean '-Wno-reserved-id-macro'? [-Wunknown-warning-option]
1 warning generated.
compiling fsl_dmamux.c...
warning: unknown warning option '-Wno-reserved-identifier'; did you mean '-Wno-reserved-id-macro'? [-Wunknown-warning-option]
1 warning generated.
compiling fsl_elcdif.c...
warning: unknown warning option '-Wno-reserved-identifier'; did you mean '-Wno-reserved-id-macro'? [-Wunknown-warning-option]
1 warning generated.
compiling fsl_edma.c...
warning: unknown warning option '-Wno-reserved-identifier'; did you mean '-Wno-reserved-id-macro'? [-Wunknown-warning-option]
1 warning generated.
compiling fsl_ewm.c...
warning: unknown warning option '-Wno-reserved-identifier'; did you mean '-Wno-reserved-id-macro'? [-Wunknown-warning-option]
1 warning generated.
compiling fsl_enc.c...
warning: unknown warning option '-Wno-reserved-identifier'; did you mean '-Wno-reserved-id-macro'? [-Wunknown-warning-option]
1 warning generated.
compiling fsl_flexcan_edma.c...
warning: unknown warning option '-Wno-reserved-identifier'; did you mean '-Wno-reserved-id-macro'? [-Wunknown-warning-option]
1 warning generated.
compiling fsl_flexio_camera.c...
warning: unknown warning option '-Wno-reserved-identifier'; did you mean '-Wno-reserved-id-macro'? [-Wunknown-warning-option]
1 warning generated.
compiling fsl_flexio.c...
warning: unknown warning option '-Wno-reserved-identifier'; did you mean '-Wno-reserved-id-macro'? [-Wunknown-warning-option]
1 warning generated.
compiling fsl_enet.c...
warning: unknown warning option '-Wno-reserved-identifier'; did you mean '-Wno-reserved-id-macro'? [-Wunknown-warning-option]
1 warning generated.
compiling fsl_flexcan.c...
warning: unknown warning option '-Wno-reserved-identifier'; did you mean '-Wno-reserved-id-macro'? [-Wunknown-warning-option]
1 warning generated.
compiling fsl_flexio_camera_edma.c...
warning: unknown warning option '-Wno-reserved-identifier'; did you mean '-Wno-reserved-id-macro'? [-Wunknown-warning-option]
1 warning generated.
compiling fsl_flexio_i2c_master.c...
warning: unknown warning option '-Wno-reserved-identifier'; did you mean '-Wno-reserved-id-macro'? [-Wunknown-warning-option]
1 warning generated.
compiling fsl_flexio_i2s.c...
warning: unknown warning option '-Wno-reserved-identifier'; did you mean '-Wno-reserved-id-macro'? [-Wunknown-warning-option]
1 warning generated.
compiling fsl_flexio_i2s_edma.c...
warning: unknown warning option '-Wno-reserved-identifier'; did you mean '-Wno-reserved-id-macro'? [-Wunknown-warning-option]
1 warning generated.
compiling fsl_flexio_mculcd.c...
warning: unknown warning option '-Wno-reserved-identifier'; did you mean '-Wno-reserved-id-macro'? [-Wunknown-warning-option]
1 warning generated.
compiling fsl_flexio_mculcd_edma.c...
warning: unknown warning option '-Wno-reserved-identifier'; did you mean '-Wno-reserved-id-macro'? [-Wunknown-warning-option]
1 warning generated.
compiling fsl_flexio_spi_edma.c...
warning: unknown warning option '-Wno-reserved-identifier'; did you mean '-Wno-reserved-id-macro'? [-Wunknown-warning-option]
1 warning generated.
compiling fsl_flexio_spi.c...
warning: unknown warning option '-Wno-reserved-identifier'; did you mean '-Wno-reserved-id-macro'? [-Wunknown-warning-option]
1 warning generated.
compiling fsl_flexram_allocate.c...
warning: unknown warning option '-Wno-reserved-identifier'; did you mean '-Wno-reserved-id-macro'? [-Wunknown-warning-option]
1 warning generated.
compiling fsl_flexio_uart_edma.c...
warning: unknown warning option '-Wno-reserved-identifier'; did you mean '-Wno-reserved-id-macro'? [-Wunknown-warning-option]
1 warning generated.
compiling fsl_flexram.c...
warning: unknown warning option '-Wno-reserved-identifier'; did you mean '-Wno-reserved-id-macro'? [-Wunknown-warning-option]
1 warning generated.
compiling fsl_flexio_uart.c...
warning: unknown warning option '-Wno-reserved-identifier'; did you mean '-Wno-reserved-id-macro'? [-Wunknown-warning-option]
1 warning generated.
compiling fsl_flexspi.c...
warning: unknown warning option '-Wno-reserved-identifier'; did you mean '-Wno-reserved-id-macro'? [-Wunknown-warning-option]
1 warning generated.
compiling fsl_flexspi_edma.c...
warning: unknown warning option '-Wno-reserved-identifier'; did you mean '-Wno-reserved-id-macro'? [-Wunknown-warning-option]
1 warning generated.
compiling fsl_gpc.c...
warning: unknown warning option '-Wno-reserved-identifier'; did you mean '-Wno-reserved-id-macro'? [-Wunknown-warning-option]
1 warning generated.
compiling fsl_gpio.c...
warning: unknown warning option '-Wno-reserved-identifier'; did you mean '-Wno-reserved-id-macro'? [-Wunknown-warning-option]
1 warning generated.
compiling fsl_gpt.c...
warning: unknown warning option '-Wno-reserved-identifier'; did you mean '-Wno-reserved-id-macro'? [-Wunknown-warning-option]
1 warning generated.
compiling fsl_kpp.c...
warning: unknown warning option '-Wno-reserved-identifier'; did you mean '-Wno-reserved-id-macro'? [-Wunknown-warning-option]
1 warning generated.
compiling fsl_lpi2c_edma.c...
warning: unknown warning option '-Wno-reserved-identifier'; did you mean '-Wno-reserved-id-macro'? [-Wunknown-warning-option]
1 warning generated.
compiling fsl_lpi2c.c...
warning: unknown warning option '-Wno-reserved-identifier'; did you mean '-Wno-reserved-id-macro'? [-Wunknown-warning-option]
1 warning generated.
compiling fsl_lpspi_edma.c...
warning: unknown warning option '-Wno-reserved-identifier'; did you mean '-Wno-reserved-id-macro'? [-Wunknown-warning-option]
1 warning generated.
compiling fsl_lpspi.c...
warning: unknown warning option '-Wno-reserved-identifier'; did you mean '-Wno-reserved-id-macro'? [-Wunknown-warning-option]
1 warning generated.
compiling fsl_pmu.c...
warning: unknown warning option '-Wno-reserved-identifier'; did you mean '-Wno-reserved-id-macro'? [-Wunknown-warning-option]
1 warning generated.
compiling fsl_lpuart_edma.c...
warning: unknown warning option '-Wno-reserved-identifier'; did you mean '-Wno-reserved-id-macro'? [-Wunknown-warning-option]
1 warning generated.
compiling fsl_ocotp.c...
warning: unknown warning option '-Wno-reserved-identifier'; did you mean '-Wno-reserved-id-macro'? [-Wunknown-warning-option]
1 warning generated.
compiling fsl_romapi.c...
warning: unknown warning option '-Wno-reserved-identifier'; did you mean '-Wno-reserved-id-macro'? [-Wunknown-warning-option]
1 warning generated.
compiling fsl_pit.c...
warning: unknown warning option '-Wno-reserved-identifier'; did you mean '-Wno-reserved-id-macro'? [-Wunknown-warning-option]
1 warning generated.
compiling fsl_lpuart.c...
warning: unknown warning option '-Wno-reserved-identifier'; did you mean '-Wno-reserved-id-macro'? [-Wunknown-warning-option]
1 warning generated.
compiling fsl_pwm.c...
warning: unknown warning option '-Wno-reserved-identifier'; did you mean '-Wno-reserved-id-macro'? [-Wunknown-warning-option]
1 warning generated.
compiling fsl_qtmr.c...
warning: unknown warning option '-Wno-reserved-identifier'; did you mean '-Wno-reserved-id-macro'? [-Wunknown-warning-option]
1 warning generated.
compiling fsl_rtwdog.c...
warning: unknown warning option '-Wno-reserved-identifier'; did you mean '-Wno-reserved-id-macro'? [-Wunknown-warning-option]
1 warning generated.
compiling fsl_pxp.c...
warning: unknown warning option '-Wno-reserved-identifier'; did you mean '-Wno-reserved-id-macro'? [-Wunknown-warning-option]
1 warning generated.
compiling fsl_sai_edma.c...
warning: unknown warning option '-Wno-reserved-identifier'; did you mean '-Wno-reserved-id-macro'? [-Wunknown-warning-option]
1 warning generated.
compiling fsl_semc.c...
warning: unknown warning option '-Wno-reserved-identifier'; did you mean '-Wno-reserved-id-macro'? [-Wunknown-warning-option]
1 warning generated.
compiling fsl_snvs_lp.c...
warning: unknown warning option '-Wno-reserved-identifier'; did you mean '-Wno-reserved-id-macro'? [-Wunknown-warning-option]
1 warning generated.
compiling fsl_sai.c...
warning: unknown warning option '-Wno-reserved-identifier'; did you mean '-Wno-reserved-id-macro'? [-Wunknown-warning-option]
1 warning generated.
compiling fsl_snvs_hp.c...
warning: unknown warning option '-Wno-reserved-identifier'; did you mean '-Wno-reserved-id-macro'? [-Wunknown-warning-option]
1 warning generated.
compiling fsl_spdif.c...
warning: unknown warning option '-Wno-reserved-identifier'; did you mean '-Wno-reserved-id-macro'? [-Wunknown-warning-option]
1 warning generated.
compiling fsl_src.c...
warning: unknown warning option '-Wno-reserved-identifier'; did you mean '-Wno-reserved-id-macro'? [-Wunknown-warning-option]
1 warning generated.
compiling fsl_tempmon.c...
warning: unknown warning option '-Wno-reserved-identifier'; did you mean '-Wno-reserved-id-macro'? [-Wunknown-warning-option]
1 warning generated.
compiling fsl_spdif_edma.c...
warning: unknown warning option '-Wno-reserved-identifier'; did you mean '-Wno-reserved-id-macro'? [-Wunknown-warning-option]
1 warning generated.
compiling fsl_tsc.c...
warning: unknown warning option '-Wno-reserved-identifier'; did you mean '-Wno-reserved-id-macro'? [-Wunknown-warning-option]
1 warning generated.
compiling fsl_trng.c...
warning: unknown warning option '-Wno-reserved-identifier'; did you mean '-Wno-reserved-id-macro'? [-Wunknown-warning-option]
1 warning generated.
compiling fsl_wdog.c...
warning: unknown warning option '-Wno-reserved-identifier'; did you mean '-Wno-reserved-id-macro'? [-Wunknown-warning-option]
1 warning generated.
compiling fsl_xbara.c...
warning: unknown warning option '-Wno-reserved-identifier'; did you mean '-Wno-reserved-id-macro'? [-Wunknown-warning-option]
1 warning generated.
compiling evkmimxrt1064_sdram_ini_dcd.c...
warning: unknown warning option '-Wno-reserved-identifier'; did you mean '-Wno-reserved-id-macro'? [-Wunknown-warning-option]
1 warning generated.
compiling fsl_usdhc.c...
warning: unknown warning option '-Wno-reserved-identifier'; did you mean '-Wno-reserved-id-macro'? [-Wunknown-warning-option]
1 warning generated.
compiling board.c...
warning: unknown warning option '-Wno-reserved-identifier'; did you mean '-Wno-reserved-id-macro'? [-Wunknown-warning-option]
1 warning generated.
compiling fsl_xbarb.c...
warning: unknown warning option '-Wno-reserved-identifier'; did you mean '-Wno-reserved-id-macro'? [-Wunknown-warning-option]
1 warning generated.
compiling clock_config.c...
warning: unknown warning option '-Wno-reserved-identifier'; did you mean '-Wno-reserved-id-macro'? [-Wunknown-warning-option]
1 warning generated.
compiling fsl_flexspi_nor_boot.c...
warning: unknown warning option '-Wno-reserved-identifier'; did you mean '-Wno-reserved-id-macro'? [-Wunknown-warning-option]
1 warning generated.
compiling evkmimxrt1064_flexspi_nor_config.c...
warning: unknown warning option '-Wno-reserved-identifier'; did you mean '-Wno-reserved-id-macro'? [-Wunknown-warning-option]
1 warning generated.
compiling system_MIMXRT1064.c...
warning: unknown warning option '-Wno-reserved-identifier'; did you mean '-Wno-reserved-id-macro'? [-Wunknown-warning-option]
1 warning generated.
compiling fsl_assert.c...
warning: unknown warning option '-Wno-reserved-identifier'; did you mean '-Wno-reserved-id-macro'? [-Wunknown-warning-option]
1 warning generated.
compiling fsl_os_abstraction_bm.c...
warning: unknown warning option '-Wno-reserved-identifier'; did you mean '-Wno-reserved-id-macro'? [-Wunknown-warning-option]
1 warning generated.
compiling fsl_component_generic_list.c...
warning: unknown warning option '-Wno-reserved-identifier'; did you mean '-Wno-reserved-id-macro'? [-Wunknown-warning-option]
1 warning generated.
compiling fsl_adapter_lpuart.c...
warning: unknown warning option '-Wno-reserved-identifier'; did you mean '-Wno-reserved-id-macro'? [-Wunknown-warning-option]
1 warning generated.
compiling ffunicode.c...
warning: unknown warning option '-Wno-reserved-identifier'; did you mean '-Wno-reserved-id-macro'? [-Wunknown-warning-option]
1 warning generated.
compiling ffsystem.c...
warning: unknown warning option '-Wno-reserved-identifier'; did you mean '-Wno-reserved-id-macro'? [-Wunknown-warning-option]
1 warning generated.
compiling fsl_debug_console.c...
assembling startup_MIMXRT1064.S...
warning: unknown warning option '-Wno-reserved-identifier'; did you mean '-Wno-reserved-id-macro'? [-Wunknown-warning-option]
1 warning generated.
compiling diskio.c...
warning: unknown warning option '-Wno-reserved-identifier'; did you mean '-Wno-reserved-id-macro'? [-Wunknown-warning-option]
1 warning generated.
compiling sdmmc_config.c...
warning: unknown warning option '-Wno-reserved-identifier'; did you mean '-Wno-reserved-id-macro'? [-Wunknown-warning-option]
1 warning generated.
compiling fsl_sd_disk.c...
warning: unknown warning option '-Wno-reserved-identifier'; did you mean '-Wno-reserved-id-macro'? [-Wunknown-warning-option]
1 warning generated.
compiling fsl_sdmmc_common.c...
warning: unknown warning option '-Wno-reserved-identifier'; did you mean '-Wno-reserved-id-macro'? [-Wunknown-warning-option]
1 warning generated.
compiling ff.c...
warning: unknown warning option '-Wno-reserved-identifier'; did you mean '-Wno-reserved-id-macro'? [-Wunknown-warning-option]
1 warning generated.
compiling fsl_sdmmc_host.c...
warning: unknown warning option '-Wno-reserved-identifier'; did you mean '-Wno-reserved-id-macro'? [-Wunknown-warning-option]
1 warning generated.
compiling fsl_sdmmc_osa.c...
warning: unknown warning option '-Wno-reserved-identifier'; did you mean '-Wno-reserved-id-macro'? [-Wunknown-warning-option]
1 warning generated.
compiling usb_phy.c...
warning: unknown warning option '-Wno-reserved-identifier'; did you mean '-Wno-reserved-id-macro'? [-Wunknown-warning-option]
1 warning generated.
compiling usb_device_ehci.c...
warning: unknown warning option '-Wno-reserved-identifier'; did you mean '-Wno-reserved-id-macro'? [-Wunknown-warning-option]
1 warning generated.
compiling usb_device_dci.c...
warning: unknown warning option '-Wno-reserved-identifier'; did you mean '-Wno-reserved-id-macro'? [-Wunknown-warning-option]
1 warning generated.
compiling fsl_sd.c...
warning: unknown warning option '-Wno-reserved-identifier'; did you mean '-Wno-reserved-id-macro'? [-Wunknown-warning-option]
1 warning generated.
compiling SEGGER_RTT_printf.c...
warning: unknown warning option '-Wno-reserved-identifier'; did you mean '-Wno-reserved-id-macro'? [-Wunknown-warning-option]
1 warning generated.
compiling usb_device_cdc_acm.c...
warning: unknown warning option '-Wno-reserved-identifier'; did you mean '-Wno-reserved-id-macro'? [-Wunknown-warning-option]
1 warning generated.
compiling usb_device_ch9.c...
warning: unknown warning option '-Wno-reserved-identifier'; did you mean '-Wno-reserved-id-macro'? [-Wunknown-warning-option]
1 warning generated.
compiling SEGGER_RTT.c...
warning: unknown warning option '-Wno-reserved-identifier'; did you mean '-Wno-reserved-id-macro'? [-Wunknown-warning-option]
1 warning generated.
compiling usb_device_class.c...
warning: unknown warning option '-Wno-reserved-identifier'; did you mean '-Wno-reserved-id-macro'? [-Wunknown-warning-option]
1 warning generated.
compiling usb_device_descriptor.c...
linking...
Program Size: Code=80120 RO-data=7764 RW-data=324 ZI-data=92076  
FromELF: creating hex file...
".\Objects\RT1064_CAR.axf" - 0 Error(s), 178 Warning(s).

<h2>Software Packages used:</h2>

Package Vendor: NXP
                https://mcuxpresso.nxp.com/cmsis_pack/repo/NXP.MIMXRT1064_DFP.16.0.0.pack
                NXP.MIMXRT1064_DFP.16.0.0
                Device Family Pack for MIMXRT1064

<h2>Collection of Component include folders:</h2>
  C:/Users/JIERUI/AppData/Local/Arm/Packs/NXP/MIMXRT1064_DFP/16.0.0

<h2>Collection of Component Files used:</h2>
Build Time Elapsed:  00:00:10
</pre>
</body>
</html>
